// Jest Snapshot v1, https://goo.gl/fbAQLP

exports[`snapshot Step4 unchanged 1`] = `
<div>
  <form
    aria-label="select summary form"
    class="text-sm text-coolGray [&_*]:first-letter:capitalize"
    novalidate=""
  >
    <div
      class="mb-6 bg-alabaster p-4 lg:p-6"
    >
      <div
        class="flex items-center justify-between"
      >
        <span>
          <span
            class="font-bold capitalize text-marineBlue lg:text-base"
          >
            arcade
             (
            monthly
            )
          </span>
          <br />
          <a
            class="capitalize underline transition-all hover:text-purplishBlue"
            href="/select-plan"
          >
            change
          </a>
        </span>
        <span
          class="font-bold text-marineBlue lg:text-base"
        >
          $
          9
          /
          mo
        </span>
      </div>
      <hr
        class="my-3 lg:mb-4 lg:mt-6"
      />
      <div
        class="flex flex-col gap-3 lg:gap-4"
      />
    </div>
    <div
      class="flex justify-between px-4 lg:px-6"
    >
      <span>
        total (per 
        month
        )
      </span>
      <span
        class="text-base font-bold text-blue-700 lg:text-xl"
      >
        $
        9
        /
        mo
      </span>
    </div>
    <div
      class="form-btns-container"
    >
      <button
        class="btn btn-back text-coolGray"
      >
        Go Back
      </button>
      <button
        class="btn h-10 w-24 rounded-[4px] bg-blue-700 text-white transition-all hover:bg-blue-500 lg:h-12 lg:w-32 lg:rounded-lg"
      >
        Confirm
      </button>
    </div>
  </form>
</div>
`;
