// Jest Snapshot v1, https://goo.gl/fbAQLP

exports[`snapshot Step4 unchanged 1`] = `
<div>
  <form
    aria-label="select summary form"
    class="text-sm text-coolGray [&_*]:first-letter:capitalize"
    novalidate=""
  >
    <div
      class="mb-6 bg-alabaster p-4 lg:p-6"
    >
      <div
        class="flex items-center justify-between"
      >
        <span>
          <span
            class="font-bold capitalize text-marineBlue lg:text-base"
          >
            pro
             (
            yearly
            )
          </span>
          <br />
          <a
            class="capitalize underline transition-all hover:text-purplishBlue"
            href="/select-plan"
          >
            change
          </a>
        </span>
        <span
          class="font-bold text-marineBlue lg:text-base"
        >
          $
          150
          /
          yr
        </span>
      </div>
      <hr
        class="my-3 lg:mb-4 lg:mt-6"
      />
      <div
        class="flex flex-col gap-3 lg:gap-4"
      >
        <div
          class="flex justify-between"
        >
          <span>
            Online service
          </span>
          <span
            class="text-marineBlue"
          >
            +$
            10
            /
            yr
          </span>
        </div>
        <div
          class="flex justify-between"
        >
          <span>
            Larger storage
          </span>
          <span
            class="text-marineBlue"
          >
            +$
            20
            /
            yr
          </span>
        </div>
      </div>
    </div>
    <div
      class="flex justify-between px-4 lg:px-6"
    >
      <span>
        total (per 
        year
        )
      </span>
      <span
        class="text-base font-bold text-blue-700 lg:text-xl"
      >
        $
        180
        /
        yr
      </span>
    </div>
    <div
      class="fixed bottom-0  left-0 flex w-full justify-between bg-white p-4 shadow sm:absolute sm:mt-8 sm:p-0 sm:shadow-none md:mb-4"
    >
      <button
        class="btn btn-back text-coolGray"
      >
        Go Back
      </button>
      <button
        class="btn h-10 w-24 rounded-[4px] bg-blue-700 text-white transition-all hover:bg-pastelBlue lg:h-12 lg:w-32 lg:rounded-lg"
      >
        Confirm
      </button>
    </div>
  </form>
</div>
`;
